// Jest Snapshot v1, https://goo.gl/fbAQLP

exports[`renders correctly 1`] = `
<View
  style={
    Object {
      "alignItems": "center",
      "flex": 1,
      "paddingTop": 20,
    }
  }
>
  <Text
    accessible={true}
    allowFontScaling={true}
    disabled={false}
    ellipsizeMode="tail"
    style={
      Object {
        "fontSize": 30,
        "fontWeight": "500",
      }
    }
  >
    React Native Todo
  </Text>
  <View
    style={
      Object {
        "borderBottomColor": "black",
        "borderBottomWidth": 0.5,
        "marginBottom": 20,
        "width": 300,
      }
    }
  />
  <View
    style={
      Object {
        "flex": 1,
      }
    }
  >
    <Text
      accessible={true}
      allowFontScaling={true}
      disabled={false}
      ellipsizeMode="tail"
    >
      This is a todo list
    </Text>
  </View>
</View>
`;
