// Jest Snapshot v1, https://goo.gl/fbAQLP

exports[`renders correctly 1`] = `
<View
  style={
    Object {
      "flex": 1,
    }
  }
>
  <Text
    accessible={true}
    allowFontScaling={true}
    disabled={false}
    ellipsizeMode="tail"
  >
    This is a todo list
  </Text>
</View>
`;
